---
source: tests/snapshot.rs
assertion_line: 125
expression: run_result.output

---
(HOST) INFO  flashing program (2 pages / 8.00 KiB)
(HOST) INFO  success!
(HOST) WARN  logger format contains timestamp but no timestamp implementation was provided; consider removing the timestamp `{t}` from the logger format  or provide a `defmt::timestamp!` implementation
────────────────────────────────────────────────────────────────────────────────
────────────────────────────────────────────────────────────────────────────────
(HOST) INFO  program has used at least 0.13/254.93 KiB (0.1%) of stack space
stack backtrace:
   0: silent_loop::__cortex_m_rt_main
        at /tmp/app/src/bin/silent-loop.rs:9:5
   1: main
        at /tmp/app/src/bin/silent-loop.rs:6:1
   2: Reset
(HOST) INFO  device halted by user

